coder v0.0.0-devel

USAGE:
  coder open

  Open a workspace

SUBCOMMANDS:
    vscode    Open a workspace in Visual Studio Code

———
Run `coder --help` for a list of global options.
