coder v0.0.0-devel

USAGE:
  coder open vscode [flags] <workspace> [<directory in workspace>]

  Open a workspace in Visual Studio Code

———
Run `coder --help` for a list of global options.
